
• Running exactly that command.

• Ran curl -s https://iana.org -o /dev/null -w "%{http_code}\n"
  └ 000

✗ You canceled the request to run curl -s https://iana.org -o /dev/null -w
  "%{http_code}\n"

• Ran curl -s https://iana.org -o /dev/null -w "%{http_code}\n"
  └ (no output)

■ Conversation interrupted - tell the model what to do differently. Something
went wrong? Hit `/feedback` to report the issue.
Token usage: total=39,016 input=38,539 (+ 152,832 cached) output=477 (reasoning
18)
To continue this session, run codex resume 019f9434-edf3-78e2-9554-85bddbe36865
