--- 01 workspace_registered
{
  "event": "workspace_registered",
  "workspace": {
    "directory": "<tmp>/workspace",
    "id": "workspace-1",
    "muted": false,
    "pinned": false,
    "rank": "i",
    "status": "idle",
    "title": "One"
  }
}
--- 02 workspace_layout_updated
{
  "event": "workspace_layout_updated",
  "workspace_layout": {
    "active_pane_id": "pane-1",
    "layout_json": "{\"type\":\"pane\",\"pane_id\":\"pane-1\"}",
    "panes": [
      {
        "kind": "agent",
        "pane_id": "pane-1",
        "runtime_id": "sess-1",
        "session_id": "sess-1",
        "status": "spawning",
        "title": "one",
        "workspace_id": ""
      }
    ],
    "updated_at": "<timestamp>",
    "workspace_id": "workspace-1"
  }
}
--- 03 workspace_state_changed
{
  "event": "workspace_state_changed",
  "workspace": {
    "directory": "<tmp>/workspace",
    "id": "workspace-1",
    "muted": false,
    "pinned": false,
    "rank": "i",
    "status": "launching",
    "title": "One"
  }
}
--- 04 session_registered
{
  "event": "session_registered",
  "session": {
    "agent": "claude",
    "directory": "<tmp>/workspace",
    "id": "sess-1",
    "label": "one",
    "last_model_request_at": "<timestamp>",
    "last_seen": "<timestamp>",
    "state": "launching",
    "state_since": "<timestamp>",
    "state_updated_at": "<timestamp>",
    "workspace_id": "workspace-1"
  }
}
--- 05 garden_seeds_updated
{
  "event": "garden_seeds_updated",
  "seeds": null,
  "total": 0
}
--- 06 workspace_layout
{
  "event": "workspace_layout",
  "workspace_layout": {
    "active_pane_id": "pane-1",
    "layout_json": "{\"type\":\"pane\",\"pane_id\":\"pane-1\"}",
    "panes": [
      {
        "kind": "agent",
        "pane_id": "pane-1",
        "runtime_id": "sess-1",
        "session_id": "sess-1",
        "status": "spawning",
        "title": "one",
        "workspace_id": ""
      }
    ],
    "updated_at": "<timestamp>",
    "workspace_id": "workspace-1"
  }
}
--- 07 session_todos_updated
{
  "event": "session_todos_updated",
  "session": {
    "agent": "claude",
    "directory": "<tmp>/workspace",
    "id": "sess-1",
    "label": "one",
    "last_model_request_at": "<timestamp>",
    "last_seen": "<timestamp>",
    "state": "launching",
    "state_since": "<timestamp>",
    "state_updated_at": "<timestamp>",
    "todos": [
      "write the migration"
    ],
    "workspace_id": "workspace-1"
  }
}
--- 08 session_state_changed
{
  "event": "session_state_changed",
  "session": {
    "agent": "claude",
    "directory": "<tmp>/workspace",
    "id": "sess-1",
    "label": "renamed",
    "last_model_request_at": "<timestamp>",
    "last_seen": "<timestamp>",
    "state": "launching",
    "state_since": "<timestamp>",
    "state_updated_at": "<timestamp>",
    "todos": [
      "write the migration"
    ],
    "workspace_id": "workspace-1"
  }
}
--- 09 workspace_state_changed
{
  "event": "workspace_state_changed",
  "workspace": {
    "directory": "<tmp>/workspace",
    "id": "workspace-1",
    "muted": false,
    "pinned": false,
    "rank": "i",
    "status": "launching",
    "title": "Renamed"
  }
}
--- 10 workspace_state_changed
{
  "event": "workspace_state_changed",
  "workspace": {
    "directory": "<tmp>/workspace",
    "id": "workspace-1",
    "muted": true,
    "pinned": false,
    "rank": "i",
    "status": "launching",
    "title": "Renamed"
  }
}
--- 11 session_closed
{
  "event": "session_closed",
  "session_ledger_entry": {
    "agent": "claude",
    "closed_at": "<timestamp>",
    "closed_by": "user",
    "directory": "<tmp>/workspace",
    "id": "sess-1",
    "label": "renamed",
    "last_seen": "<timestamp>",
    "state": "launching",
    "workspace_id": "workspace-1"
  }
}
--- 12 session_unregistered
{
  "event": "session_unregistered",
  "session": {
    "agent": "claude",
    "directory": "<tmp>/workspace",
    "id": "sess-1",
    "label": "renamed",
    "last_model_request_at": "<timestamp>",
    "last_seen": "<timestamp>",
    "state": "launching",
    "state_since": "<timestamp>",
    "state_updated_at": "<timestamp>",
    "todos": [
      "write the migration"
    ],
    "workspace_id": "workspace-1",
    "workspace_muted": true
  }
}
--- 13 garden_seeds_updated
{
  "event": "garden_seeds_updated",
  "seeds": null,
  "total": 0
}
--- 14 workspace_unregistered
{
  "event": "workspace_unregistered",
  "workspace": {
    "directory": "<tmp>/workspace",
    "id": "workspace-1",
    "muted": true,
    "pinned": false,
    "rank": "i",
    "status": "launching",
    "title": "Renamed"
  }
}
--- 15 sessions_updated
{
  "event": "sessions_updated"
}
